******************************************************************************
                  TI ARM Linker PC v16.9.3                     
******************************************************************************
>> Linked Wed Sep 27 14:46:25 2017

OUTPUT FILE NAME:   <M3_V2.0.out>
ENTRY POINT SYMBOL: "_c_int00"  address: 002186cd


MEMORY CONFIGURATION

         name            origin    length      used     unused   attr    fill
----------------------  --------  ---------  --------  --------  ----  --------
  CSM_RSVD_Z2           0002ffe0   000001dc  00000000  000001dc  RWIX
  CSM_ECSL_Z1           00200000   00000024  00000000  00000024  RWIX
  CSM_RSVD_Z1           00200024   0000000c  00000000  0000000c  RWIX
  RESETISR              00200030   00000008  00000006  00000002  R  X
  INTVECS               00201000   00000258  00000258  00000000  R  X
  FLASHLOAD             00201258   00006da8  000000bc  00006cec  R  X
  FLASH                 00208000   000f7e00  00015af8  000e2308  R  X
  CSM_ECSL_Z2           002fffdc   00000024  00000000  00000024  RWIX
  OTPSECLOCK            00681000   00000004  00000000  00000004  RWIX
  OTP_Reserved1         00681004   00000004  00000000  00000004  RWIX
  OTP_Reserved2         00681008   00000004  00000000  00000004  RWIX
  OTP_Z2_FLASH_START_AD 0068100c   00000004  00000000  00000004  RWIX
  OTP_EMACID            00681010   00000008  00000000  00000008  RWIX
  OTP_Reserved3         00681018   00000004  00000000  00000004  RWIX
  CUSTOMER_OTP_MAIN_OSC 0068101c   00000004  00000000  00000004  RWIX
  OTP_Reserved4         00681020   00000004  00000000  00000004  RWIX
  OTP_BOOT_MODE_GPIO_CO 00681024   00000004  00000000  00000004  RWIX
  OTP_Reserved5         00681028   00000004  00000000  00000004  RWIX
  OTP_ENTRY_POINT       0068102c   00000004  00000000  00000004  RWIX
  OTP_Reserved6         00681030   00000010  00000000  00000010  RWIX
  C0                    20000000   00002000  0000041c  00001be4  RW X
  C1                    20002000   00002000  00000000  00002000  RW X
  BOOT_RSVD             20004000   00000ff8  00000000  00000ff8  R  X
  C2                    200051b0   00000e50  00000a1f  00000431  RW X
  C3                    20006000   00002000  00000000  00002000  RW X
  S0                    20008000   00002000  00000014  00001fec  RW X
  S1                    2000a000   00002000  00000000  00002000  RW X
  S2                    2000c000   00002000  00000010  00001ff0  RW X
  S3                    2000e000   00002000  00000000  00002000  RW X
  S45                   20010000   00004000  00000000  00004000  RW X
  S67                   20014000   00004000  00000000  00004000  RW X
  C4                    20018000   00002000  00002000  00000000  RW X
  C5                    2001a000   00002000  00001d41  000002bf  RW X
  C6                    2001c000   00002000  00000000  00002000  RW X
  C7                    2001e000   00002000  00000000  00002000  RW X
  C8                    20020000   00002000  00000000  00002000  RW X
  C0913                 20022000   0000a000  00008394  00001c6c  RW X
  C1415                 2002c000   00004000  000027da  00001826  RW X
  CTOMRAM               2007f000   00000800  00000000  00000800  R  X
  MTOCRAM               2007f800   00000800  00000140  000006c0  RW X


SEGMENT ALLOCATION MAP

run origin  load origin   length   init length attrs members
----------  ----------- ---------- ----------- ----- -------
00200030    00200030    00000006   00000006    r-x
  00200030    00200030    00000006   00000006    r-x .resetisr
00201000    00201000    00000258   00000258    r--
  00201000    00201000    00000258   00000258    r-- .intvecs
00208000    00208000    00015af8   00015af8    r-x
  00208000    00208000    00011718   00011718    r-x .text
  00219718    00219718    000041d0   000041d0    r-- .const
  0021d8e8    0021d8e8    000001a8   000001a8    r-- .cinit
  0021da90    0021da90    00000068   00000068    r-- .TI.crctab
20000000    00201258    000000bc   000000bc    r-x
  20000000    00201258    000000bc   000000bc    r-x ramfuncs
200000bc    200000bc    00000100   00000000    rw-
  200000bc    200000bc    00000100   00000000    rw- .stack
200001c0    200001c0    00000008   00000000    rw-
  200001c0    200001c0    00000008   00000000    rw- .sysmem
20000400    20000400    00000258   00000000    rw-
  20000400    20000400    00000258   00000000    rw- .vtable
200051b0    200051b0    00000a1f   00000000    rw-
  200051b0    200051b0    00000a1f   00000000    rw- .data
20008000    20008000    00000014   00000000    rw-
  20008000    20008000    00000014   00000000    rw- SHARERAMS0
2000c000    2000c000    00000010   00000000    rw-
  2000c000    2000c000    00000010   00000000    rw- SHARERAMS2
20018000    20018000    00003d41   00000000    rw-
  20018000    20018000    00002000   00000000    rw- .bss.1
  2001a000    2001a000    00001d41   00000000    rw- .bss.2
20022000    20022000    00008394   00000000    rw-
  20022000    20022000    00008394   00000000    rw- SERIALBUFFER
2002c000    2002c000    000027da   00000000    rw-
  2002c000    2002c000    000027da   00000000    rw- ETHERNETBUFFER
2007f800    2007f800    00000140   00000000    rw-
  2007f800    2007f800    00000140   00000000    rw- MTOC_MSG_RAM


SECTION ALLOCATION MAP

 output                                  attributes/
section   page    origin      length       input sections
--------  ----  ----------  ----------   ----------------
.resetisr 
*          0    00200030    00000006     
                  00200030    00000006     startup_ccs.obj (.resetisr:ResetISR)

.intvecs   0    00201000    00000258     
                  00201000    00000258     startup_ccs.obj (.intvecs)

ramfuncs   0    00201258    000000bc     RUN ADDR = 20000000
                  00201258    000000bc     driverlib.lib : flash.obj (ramfuncs)

.text      0    00208000    00011718     
                  00208000    000018fc     can_bkp.obj (.text:CanCheck)
                  002098fc    0000163c     jiga.obj (.text:LoopBackFunctionTest)
                  0020af38    00001268     uip.obj (.text:uip_process)
                  0020c1a0    00000c0c     md5.obj (.text:MD5Transform)
                  0020cdac    00000b6c     ihm.obj (.text:ProcessCmd)
                  0020d918    0000096c     driverlib.lib : sysctl.obj (.text)
                  0020e284    000006f8     jiga.obj (.text:AdcpFunctionTest)
                  0020e97c    00000668     hardware_def.obj (.text:PortControlSet)
                  0020efe4    0000057a     driverlib.lib : can.obj (.text)
                  0020f55e    00000002     startup_ccs.obj (.text:FaultISR)
                  0020f560    00000578     driverlib.lib : ipc_lite.obj (.text)
                  0020fad8    00000448                   : gpio.obj (.text)
                  0020ff20    000003cc     rtsv7M3_T_le_eabi.lib : memory.obj (.text)
                  002102ec    0000033c     uip.obj (.text:uip_reass)
                  00210628    00000330     jiga.obj (.text:Rs485Loopbacktest)
                  00210958    00000310     driverlib.lib : ethernet.obj (.text)
                  00210c68    000002ec                   : udma.obj (.text)
                  00210f54    000002d0                   : interrupt.obj (.text)
                  00211224    000002b4     can_bkp.obj (.text:InterlockStatusClear)
                  002114d8    000002a4     ethernet_uip.obj (.text:EthernetInit)
                  0021177c    00000274     flash_mem.obj (.text:FlashMemReadSerialNumber)
                  002119f0    00000250     system_task.obj (.text:TaskCheck)
                  00211c40    00000248     rtsv7M3_T_le_eabi.lib : vla_alloc.obj (.text)
                  00211e88    0000022c     driverlib.lib : timer.obj (.text)
                  002120b4    00000228     ethernet_uip.obj (.text:EthernetProcessData)
                  002122dc    00000218     eeprom.obj (.text:EepromWriteSerialNumber)
                  002124f4    00000208     jiga.obj (.text:TestLoopBackSignal)
                  002126fc    000001f8     uip_arp.obj (.text:uip_arp_out)
                  002128f4    000001e8     ipc_lib.obj (.text:IPCInit)
                  00212adc    000001d4     adcp.obj (.text:AdcChannel)
                  00212cb0    000001c4     system_task.obj (.text:TaskSetNew)
                  00212e74    000001ac     driverlib.lib : ipc_util.obj (.text)
                  00213020    00000188     dhcpc.obj (.text:handle_dhcp)
                  002131a8    00000188     sdram_mem.obj (.text:sdram_read_write)
                  00213330    00000186     driverlib.lib : epi.obj (.text)
                  002134b6    00000002     startup_ccs.obj (.text:IntDefaultHandler)
                  002134b8    00000170     driverlib.lib : i2c.obj (.text)
                  00213628    0000015c     server_priv.obj (.text:var_write_read)
                  00213784    00000158     ethernet_uip.obj (.text:EthernetPacketGetDMA)
                  002138dc    0000014c     rtc.obj (.text:RTCReadDataHour)
                  00213a28    00000140     server_priv.obj (.text:group_bin_op)
                  00213b68    00000140     uip_arp.obj (.text:uip_arp_update)
                  00213ca8    0000013c     server_priv.obj (.text:group_write)
                  00213de4    0000012e     server_priv.obj (.text:curve_recalc_csum)
                  00213f12    00000002     startup_ccs.obj (.text:NmiSR)
                  00213f14    0000012c     uip_arp.obj (.text:uip_arp_arpin)
                  00214040    00000128     ethernet_uip.obj (.text:IPAddressWrite)
                  00214168    00000124     driverlib.lib : ssi.obj (.text)
                  0021428c    0000010c     server_priv.obj (.text:var_bin_op)
                  00214398    00000108     server_priv.obj (.text:curve_block)
                  002144a0    00000108     driverlib.lib : ram.obj (.text)
                  002145a8    00000100     server_priv.obj (.text:var_write)
                  002146a8    000000fc     adcp.obj (.text:AdcChannelAppConfig)
                  002147a4    000000fc     ethernet_uip.obj (.text:EthLoadParam)
                  002148a0    000000fa     server_priv.obj (.text:group_create)
                  0021499a    00000002     rtsv7M3_T_le_eabi.lib : mpu_init.obj (.text)
                  0021499c    000000f8     rtc.obj (.text:RTCAccessTest)
                  00214a94    000000f6     server_priv.obj (.text:curve_block_request)
                  00214b8a    00000002     rtsv7M3_T_le_eabi.lib : startup.obj (.text)
                  00214b8c    000000f4     adcp.obj (.text:AdcpInit)
                  00214c80    000000f0     hardware_def.obj (.text:PinCorSet)
                  00214d70    000000ec     usb_to_serial.obj (.text:Usb2SerialIntHandler)
                  00214e5c    000000e6     server_priv.obj (.text:group_read)
                  00214f42    00000002     --HOLE-- [fill = 0]
                  00214f44    000000e0     i2c_onboard.obj (.text:ReadI2C)
                  00215024    000000e0     i2c_offboard_isolated.obj (.text:ReadI2COffboardIsolated)
                  00215104    000000dc     timer.obj (.text:GlobalTimerIntHandler)
                  002151e0    000000d4     hardware_def.obj (.text:PinoutSet)
                  002152b4    000000d4     server.obj (.text:bsmp_process_packet)
                  00215388    000000d4     httpd.obj (.text:httpd_appcall)
                  0021545c    000000d0     ethernet_uip.obj (.text:EthernetIntHandler)
                  0021552c    000000cc     ihm.obj (.text:SendDisplay)
                  002155f8    000000c8     eeprom.obj (.text:EepromReadSerialNumber)
                  002156c0    000000c8     ethernet_uip.obj (.text:EthernetPacketPutDMA)
                  00215788    000000c8     dhcpc.obj (.text:parse_options)
                  00215850    000000c6     server_priv.obj (.text:func_execute)
                  00215916    00000002     --HOLE-- [fill = 0]
                  00215918    000000c4     eeprom.obj (.text:EepromWriteKd1)
                  002159dc    000000c4     eeprom.obj (.text:EepromWriteKd2)
                  00215aa0    000000c4     eeprom.obj (.text:EepromWriteKd3)
                  00215b64    000000c4     eeprom.obj (.text:EepromWriteKd4)
                  00215c28    000000c4     eeprom.obj (.text:EepromWriteKi1)
                  00215cec    000000c4     eeprom.obj (.text:EepromWriteKi2)
                  00215db0    000000c4     eeprom.obj (.text:EepromWriteKi3)
                  00215e74    000000c4     eeprom.obj (.text:EepromWriteKi4)
                  00215f38    000000c4     eeprom.obj (.text:EepromWriteKp1)
                  00215ffc    000000c4     eeprom.obj (.text:EepromWriteKp2)
                  002160c0    000000c4     eeprom.obj (.text:EepromWriteKp3)
                  00216184    000000c4     eeprom.obj (.text:EepromWriteKp4)
                  00216248    000000b8     eeprom.obj (.text:EepromWriteIP)
                  00216300    000000b8     eeprom.obj (.text:EepromWriteIPMask)
                  002163b8    000000b8     eeprom.obj (.text:EepromWriteRs485BaudRate)
                  00216470    000000b8     jiga.obj (.text:TestAdcpRange)
                  00216528    000000b6     md5.obj (.text:MD5Update)
                  002165de    00000002     --HOLE-- [fill = 0]
                  002165e0    000000b0     adcp.obj (.text:AdcpIntHandler)
                  00216690    000000b0     dhcpc.obj (.text:create_msg)
                  00216740    000000b0     server_priv.obj (.text:var_read)
                  002167f0    000000ac     bsmp_lib.obj (.text:BSMPInit)
                  0021689c    000000ac     server_priv.obj (.text:curve_query_list)
                  00216948    000000ac     driverlib.lib : watchdog.obj (.text)
                  002169f4    000000a8     uip.obj (.text:uip_add32)
                  00216a9c    000000a6     uip.obj (.text:chksum)
                  00216b42    0000009c     server_priv.obj (.text:group_query)
                  00216bde    0000009c     rtsv7M3_T_le_eabi.lib : memcpy_t2.obj (.text)
                  00216c7a    00000002     --HOLE-- [fill = 0]
                  00216c7c    0000009c     uip.obj (.text:uip_init)
                  00216d18    00000098     ihm.obj (.text:SeparaDado)
                  00216db0    00000092     server.obj (.text:bsmp_register_function)
                  00216e42    00000002     --HOLE-- [fill = 0]
                  00216e44    00000090     adcp.obj (.text:AdcpReadChannel)
                  00216ed4    00000090     eeprom.obj (.text:SaveSerialNumber)
                  00216f64    00000090     main.obj (.text:main)
                  00216ff4    0000008c     ctrl_law.obj (.text:KpWrite)
                  00217080    00000086     server_priv.obj (.text:group_query_list)
                  00217106    00000002     --HOLE-- [fill = 0]
                  00217108    00000084     eeprom.obj (.text:EepromWritePSModel)
                  0021718c    00000084     eeprom.obj (.text:EepromWriteRs485Add)
                  00217210    00000084     ctrl_law.obj (.text:KiWrite)
                  00217294    00000084     i2c_onboard.obj (.text:WriteI2C)
                  00217318    00000082     server_priv.obj (.text:var_query_list)
                  0021739a    00000002     --HOLE-- [fill = 0]
                  0021739c    00000080     hardware_def.obj (.text:EnablePeripherals)
                  0021741c    00000080     md5.obj (.text:Encode)
                  0021749c    00000080     server_priv.obj (.text:curve_query_csum)
                  0021751c    0000007a     rtsv7M3_T_le_eabi.lib : fs_mul_t2.obj (.text)
                  00217596    0000007a                           : memset_t2.obj (.text)
                  00217610    00000078     exio.obj (.text:ExIOInit)
                  00217688    00000078     temp_low_power_module.obj (.text:PowerSupply1TempRead)
                  00217700    00000078     temp_low_power_module.obj (.text:PowerSupply2TempRead)
                  00217778    00000078     temp_low_power_module.obj (.text:PowerSupply3TempRead)
                  002177f0    00000078     temp_low_power_module.obj (.text:PowerSupply4TempRead)
                  00217868    00000078     driverlib.lib : systick.obj (.text)
                  002178e0    00000078     server_priv.obj (.text:func_query_list)
                  00217958    00000076     rs485_bkp.obj (.text:UARTConfigSetExpClk)
                  002179ce    00000002     --HOLE-- [fill = 0]
                  002179d0    00000070     rtsv7M3_T_le_eabi.lib : autoinit.obj (.text)
                  00217a40    00000070     uip.obj (.text:upper_layer_chksum)
                  00217ab0    0000006c     uip_arp.obj (.text:uip_arp_timer)
                  00217b1c    00000068     md5.obj (.text:MD5Final)
                  00217b84    00000068     rtsv7M3_T_le_eabi.lib : copy_decompress_lzss.obj (.text:decompress:lzss)
                  00217bec    00000068     dhcpc.obj (.text:parse_msg)
                  00217c54    00000066     md5.obj (.text:Decode)
                  00217cba    00000002     --HOLE-- [fill = 0]
                  00217cbc    00000064     exio.obj (.text:ExIoTestRoutine)
                  00217d20    00000060     rtc.obj (.text:RTCCheckOF)
                  00217d80    00000060     rtsv7M3_T_le_eabi.lib : fs_cmp_t2.obj (.text:__aeabi_cfcmple)
                  00217de0    00000060                           : fs_cmp_t2.obj (.text:__aeabi_cfrcmple)
                  00217e40    0000005c     jiga.obj (.text:TestEepromWriteSerialNumber)
                  00217e9c    00000058     usb_to_serial.obj (.text:InitUsb2Serial)
                  00217ef4    00000058     exio.obj (.text:LedItlkCtrl)
                  00217f4c    00000058     exio.obj (.text:LedStsCtrl)
                  00217fa4    00000058     exio.obj (.text:SoundSelCtrl)
                  00217ffc    00000054     rtc.obj (.text:RTCClearHT)
                  00218050    00000054     bsmp_lib.obj (.text:TestEeprom)
                  002180a4    00000054     ethernet_uip.obj (.text:dhcpc_configured)
                  002180f8    00000054     rtsv7M3_T_le_eabi.lib : exit.obj (.text)
                  0021814c    00000054     uip.obj (.text:uip_add_rcv_nxt)
                  002181a0    00000052     server_priv.obj (.text:group_to_mod_list)
                  002181f2    00000002     --HOLE-- [fill = 0]
                  002181f4    00000050     timer.obj (.text:GlobalTimerInit)
                  00218244    00000050     uip.obj (.text:uip_listen)
                  00218294    0000004c     exio.obj (.text:DcdcPwrCtrl)
                  002182e0    0000004c     eeprom.obj (.text:EepromWriteRequestCheck)
                  0021832c    0000004c     exio.obj (.text:HradcRstCtrl)
                  00218378    0000004c     temp_sensor.obj (.text:ReadTemperature)
                  002183c4    0000004c     server_priv.obj (.text:query_version)
                  00218410    0000004c     rtsv7M3_T_le_eabi.lib : cpy_tbl.obj (.text)
                  0021845c    00000048     exio.obj (.text:BuffersCtrl)
                  002184a4    00000048     rtc.obj (.text:RTCSramWrite)
                  002184ec    00000048     jiga.obj (.text:TestFlashRoutine)
                  00218534    00000048     server.obj (.text:bsmp_server_init)
                  0021857c    00000048     dhcpc.obj (.text:send_request)
                  002185c4    00000044     exio.obj (.text:DcdcSts)
                  00218608    00000044     jiga.obj (.text:TestTempSenseRoutine)
                  0021864c    00000040     ethernet_uip.obj (.text:IPAddressRead)
                  0021868c    00000040     usb_to_serial.obj (.text:Usb2SerialTxHandler)
                  002186cc    00000040     rtsv7M3_T_le_eabi.lib : boot.obj (.text)
                  0021870c    00000040     dhcpc.obj (.text:send_discover)
                  0021874c    0000003e     dhcpc.obj (.text:add_req_options)
                  0021878a    0000003e     server_priv.obj (.text:group_add_var)
                  002187c8    0000003c     ethernet_uip.obj (.text:EthernetProcessCMD)
                  00218804    0000003c     md5.obj (.text:MD5Init)
                  00218840    0000003c     rtc.obj (.text:RTCSramRead)
                  0021887c    0000003c     sdram_mem.obj (.text:SdramInit)
                  002188b8    00000038     exio.obj (.text:ExIoTestResult)
                  002188f0    00000038     rtc.obj (.text:RTCStopClock)
                  00218928    00000038     usb_to_serial.obj (.text:Usb2SerialProcessData)
                  00218960    00000038     rtsv7M3_T_le_eabi.lib : fs_toi_t2.obj (.text)
                  00218998    00000038                           : i_tofs_t2.obj (.text)
                  002189d0    00000038     uip.obj (.text:uip_send)
                  00218a08    00000036     driverlib.lib : cpu.obj (.text)
                  00218a3e    00000036     server_priv.obj (.text:func_check)
                  00218a74    00000036     server_priv.obj (.text:group_remove_all)
                  00218aaa    00000002     --HOLE-- [fill = 0]
                  00218aac    00000034     flash_mem.obj (.text:FlashMemInit)
                  00218ae0    00000034     rtc.obj (.text:RTCStatusOF)
                  00218b14    00000034     can_bkp.obj (.text:SendCanMessage)
                  00218b48    00000034     bsmp.obj (.text:binops_clear)
                  00218b7c    00000034     rtsv7M3_T_le_eabi.lib : fs_tou_t2.obj (.text)
                  00218bb0    00000032     bsmp.obj (.text:binops_and)
                  00218be2    00000032     bsmp.obj (.text:binops_or)
                  00218c14    00000032     bsmp.obj (.text:binops_xor)
                  00218c46    00000002     --HOLE-- [fill = 0]
                  00218c48    00000030     adcp.obj (.text:AdcpConfig)
                  00218c78    00000030     main_var.obj (.text:InterlockAlarmReset)
                  00218ca8    00000030     jiga.obj (.text:IsoPowerSupplyLoopBackTest)
                  00218cd8    00000030     rs485_bkp.obj (.text:UARTDisable)
                  00218d08    00000030     dhcpc.obj (.text:add_msg_type)
                  00218d38    00000030     dhcpc.obj (.text:add_req_ipaddr)
                  00218d68    00000030     dhcpc.obj (.text:add_server_id)
                  00218d98    00000030     httpd.obj (.text:httpd_insert_response)
                  00218dc8    00000030     uip.obj (.text:uip_ipchksum)
                  00218df8    0000002c     adcp.obj (.text:AdcpRxIntEnable)
                  00218e24    0000002c     ethernet_uip.obj (.text:SysTickIntHandler)
                  00218e50    0000002c     system.obj (.text:SystemInit)
                  00218e7c    0000002c     jiga.obj (.text:TestRamRoutine)
                  00218ea8    00000028     ctrl_law.obj (.text:CtrlLoopWrite)
                  00218ed0    00000028     ihm.obj (.text:DisplayProcessData)
                  00218ef8    00000028     eeprom.obj (.text:EepromReadPSModel)
                  00218f20    00000028     jiga.obj (.text:TestFlashMem)
                  00218f48    00000028     jiga.obj (.text:TestRamMem)
                  00218f70    00000028     jiga.obj (.text:TestRs485Loop)
                  00218f98    00000028     jiga.obj (.text:TestTempSense)
                  00218fc0    00000024     adcp.obj (.text:AdcpRead)
                  00218fe4    00000024     i2c_onboard.obj (.text:InitI2COnboard)
                  00219008    00000024     jiga.obj (.text:TestIoExp)
                  0021902c    00000024     jiga.obj (.text:TestIsoPowerSup)
                  00219050    00000024     jiga.obj (.text:TestRtcMod)
                  00219074    00000024     rs485_bkp.obj (.text:UARTCharPutNonBlocking)
                  00219098    00000024     rs485_bkp.obj (.text:UARTEnable)
                  002190bc    00000024     server_priv.obj (.text:group_init)
                  002190e0    00000024     rtsv7M3_T_le_eabi.lib : memcmp.obj (.text)
                  00219104    00000024                           : u_tofs_t2.obj (.text)
                  00219128    00000020     main_var.obj (.text:ISetpointWrite)
                  00219148    00000020     eeprom.obj (.text:SaveIpAddress)
                  00219168    00000020     eeprom.obj (.text:SaveKi1Gain)
                  00219188    00000020     eeprom.obj (.text:SaveKp1Gain)
                  002191a8    0000001e     rs485_bkp.obj (.text:UARTCharPut)
                  002191c6    0000001e     rs485_bkp.obj (.text:UARTIntStatus)
                  002191e4    0000001e     uip_timer.obj (.text:timer_expired)
                  00219202    00000002     --HOLE-- [fill = 0]
                  00219204    0000001c     main_var.obj (.text:OutputStsWrite)
                  00219220    0000001c     temp_sensor.obj (.text:TemperatureCelsius)
                  0021923c    0000001c     bsmp_lib.obj (.text:TestAdcChannels)
                  00219258    0000001c     bsmp_lib.obj (.text:TestLoopback)
                  00219274    0000001c     uip.obj (.text:htons)
                  00219290    00000018     adcp.obj (.text:AdcpCleanRxBuffer)
                  002192a8    00000018     bsmp_lib.obj (.text:BSMPprocess)
                  002192c0    00000018     ctrl_law.obj (.text:CtrlLoopRead)
                  002192d8    00000018     main_var.obj (.text:HardInterlockSts)
                  002192f0    00000018     ctrl_law.obj (.text:KiRead)
                  00219308    00000018     ipc_lib.obj (.text:SendIpcFlag)
                  00219320    00000018     main_var.obj (.text:SoftInterlockSts)
                  00219338    00000018     bsmp_lib.obj (.text:TestFlash)
                  00219350    00000018     bsmp_lib.obj (.text:TestIoExpander)
                  00219368    00000018     bsmp_lib.obj (.text:TestIsoPowerSupply)
                  00219380    00000018     bsmp_lib.obj (.text:TestRam)
                  00219398    00000018     bsmp_lib.obj (.text:TestRs485)
                  002193b0    00000018     bsmp_lib.obj (.text:TestRtc)
                  002193c8    00000018     bsmp_lib.obj (.text:TestTemperatureSensor)
                  002193e0    00000018     bsmp_lib.obj (.text:TestuartPing)
                  002193f8    00000018     rs485_bkp.obj (.text:UARTCharsAvail)
                  00219410    00000018     rs485_bkp.obj (.text:UARTFIFOLevelSet)
                  00219428    00000018     rs485_bkp.obj (.text:UARTIntEnable)
                  00219440    00000018     rs485_bkp.obj (.text:UARTSpaceAvail)
                  00219458    00000018     rtsv7M3_T_le_eabi.lib : args_main.obj (.text)
                  00219470    00000016     system.obj (.text:SystemConfig)
                  00219486    00000016     bsmp_lib.obj (.text:TestBuzzer)
                  0021949c    00000016     bsmp_lib.obj (.text:TestLed)
                  002194b2    00000016     rs485_bkp.obj (.text:UARTCharGet)
                  002194c8    00000016     rs485_bkp.obj (.text:UARTFIFOEnable)
                  002194de    00000016     dhcpc.obj (.text:add_end)
                  002194f4    00000016     uip_timer.obj (.text:timer_set)
                  0021950a    00000002     --HOLE-- [fill = 0]
                  0021950c    00000014     httpd.obj (.text:httpd_get_command)
                  00219520    00000014     rtsv7M3_T_le_eabi.lib : _lock.obj (.text)
                  00219534    00000012     jiga.obj (.text:TestLedTurnOn)
                  00219546    00000012     rs485_bkp.obj (.text:UARTIntClear)
                  00219558    00000012     rs485_bkp.obj (.text:UARTRxErrorGet)
                  0021956a    00000002     --HOLE-- [fill = 0]
                  0021956c    00000010     ipc_lib.obj (.text:CtoMIPC1IntHandler)
                  0021957c    00000010     ipc_lib.obj (.text:CtoMIPC2IntHandler)
                  0021958c    00000010     ipc_lib.obj (.text:CtoMIPC3IntHandler)
                  0021959c    00000010     rs485_bkp.obj (.text:UARTRxErrorClear)
                  002195ac    0000000e     rtsv7M3_T_le_eabi.lib : copy_decompress_none.obj (.text:decompress:none)
                  002195ba    00000002     --HOLE-- [fill = 0]
                  002195bc    0000000c     can_bkp.obj (.text:AlarmStatusClear)
                  002195c8    0000000c     can_bkp.obj (.text:AlarmStatusRead)
                  002195d4    0000000c     httpd.obj (.text:BufferClear)
                  002195e0    0000000c     httpd.obj (.text:BufferLen)
                  002195ec    0000000c     rtc.obj (.text:DataHourRead)
                  002195f8    0000000c     flash_mem.obj (.text:FlashDeviceIDRead)
                  00219604    0000000c     main_var.obj (.text:IOutputRead)
                  00219610    0000000c     main_var.obj (.text:ISetpointRead)
                  0021961c    0000000c     jiga.obj (.text:IsoPowerSupplyLoopbackResult)
                  00219628    0000000c     ctrl_law.obj (.text:KpRead)
                  00219634    0000000c     exio.obj (.text:LedItlkCtrlRead)
                  00219640    0000000c     exio.obj (.text:LedStsCtrlRead)
                  0021964c    0000000c     ihm.obj (.text:LocRemUpdate)
                  00219658    0000000c     main_var.obj (.text:OutputStsRead)
                  00219664    0000000c     temp_low_power_module.obj (.text:PowerSupply1Temp)
                  00219670    0000000c     main_var.obj (.text:PowerSupplyModelRead)
                  0021967c    0000000c     rtc.obj (.text:RTCAccessStatus)
                  00219688    0000000c     rtc.obj (.text:RTCInit)
                  00219694    0000000c     eeprom.obj (.text:ReadEepromSts)
                  002196a0    0000000c     exio.obj (.text:SoundSelCtrlRead)
                  002196ac    0000000c     ethernet_uip.obj (.text:clock_time)
                  002196b8    0000000c     rtsv7M3_T_le_eabi.lib : copy_zero_init.obj (.text:decompress:ZI)
                  002196c4    0000000c     httpd.obj (.text:httpd_clear_command)
                  002196d0    0000000c     httpd.obj (.text:httpd_init)
                  002196dc    0000000a     jiga.obj (.text:TestBuzzerTurnOn)
                  002196e6    0000000a     uip.obj (.text:uip_tcpchksum)
                  002196f0    00000008     httpd.obj (.text:BufferAdress)
                  002196f8    00000008     dhcpc.obj (.text:dhcpc_appcall)
                  00219700    00000006     driverlib.lib : sysctl.obj (.text:SysCtlDelay)
                  00219706    00000004     rtsv7M3_T_le_eabi.lib : error.obj (.text)
                  0021970a    00000004                           : pre_init.obj (.text)
                  0021970e    00000002     --HOLE-- [fill = 0]
                  00219710    00000008     driverlib.lib : flash.obj (.tramp.FlashInit.1)

.const     0    00219718    000041d0     
                  00219718    00002000     ipc_lib.obj (.const:wfmRef_Data_FAC)
                  0021b718    00002000     ipc_lib.obj (.const:wfmRef_Data_FBP)
                  0021d718    00000088     driverlib.lib : gpio.obj (.const:g_pulGPIOBaseAddrs)
                  0021d7a0    00000070                   : interrupt.obj (.const:g_pulRegs)
                  0021d810    00000064                   : sysctl.obj (.const)
                  0021d874    00000020                   : interrupt.obj (.const)
                  0021d894    00000020                   : ssi.obj (.const)
                  0021d8b4    00000012                   : can.obj (.const)
                  0021d8c6    00000008     uip.obj (.const:.string:bitmap_bits)
                  0021d8ce    00000006     uip_arp.obj (.const:broadcast_ethaddr)
                  0021d8d4    00000004     dhcpc.obj (.const:.string:magic_cookie)
                  0021d8d8    00000004     dhcpc.obj (.const:.string:xid)
                  0021d8dc    00000004     uip.obj (.const:all_ones_addr)
                  0021d8e0    00000004     uip.obj (.const:all_zeroes_addr)
                  0021d8e4    00000004     uip_arp.obj (.const:broadcast_ipaddr)

.cinit     0    0021d8e8    000001a8     
                  0021d8e8    00000107     (.cinit..data.load) [load image, compression = lzss]
                  0021d9ef    0000000d     (.cinit.SERIALBUFFER.load) [load image, compression = lzss]
                  0021d9fc    0000000c     (__TI_handler_table)
                  0021da08    00000009     (.cinit.ETHERNETBUFFER.load) [load image, compression = lzss]
                  0021da11    00000007     --HOLE-- [fill = 0]
                  0021da18    00000008     (.cinit..bss.1.load) [load image, compression = zero_init]
                  0021da20    00000008     (.cinit..bss.2.load) [load image, compression = zero_init]
                  0021da28    00000008     (.cinit..vtable.load) [load image, compression = zero_init]
                  0021da30    00000008     (.cinit.MTOC_MSG_RAM.load) [load image, compression = zero_init]
                  0021da38    00000008     (.cinit.SHARERAMS0.load) [load image, compression = zero_init]
                  0021da40    00000008     (.cinit.SHARERAMS2.load) [load image, compression = zero_init]
                  0021da48    00000048     (__TI_cinit_table)

.TI.crctab 
*          0    0021da90    00000068     
                  0021da90    00000068     (.TI.crctab:AppCrc)

.stack     0    200000bc    00000100     UNINITIALIZED
                  200000bc    00000100     --HOLE--

.sysmem    0    200001c0    00000008     UNINITIALIZED
                  200001c0    00000008     rtsv7M3_T_le_eabi.lib : memory.obj (.sysmem)

.vtable    0    20000400    00000258     UNINITIALIZED
                  20000400    00000258     driverlib.lib : interrupt.obj (.vtable)

.data      0    200051b0    00000a1f     UNINITIALIZED
                  200051b0    00000400     bsmp.obj (.data:bin_op)
                  200055b0    00000400     server.obj (.data:command)
                  200059b0    00000083     eeprom.obj (.data)
                  20005a33    00000040     md5.obj (.data:PADDING)
                  20005a73    0000002f     jiga.obj (.data)
                  20005aa2    0000001a     system_task.obj (.data)
                  20005abc    00000004     rtsv7M3_T_le_eabi.lib : stkdepth_vars.obj (.data)
                  20005ac0    00000016     ethernet_uip.obj (.data)
                  20005ad6    00000002     usb_to_serial.obj (.data)
                  20005ad8    00000015     can_bkp.obj (.data)
                  20005aed    00000001     ihm.obj (.data)
                  20005aee    00000012     adcp.obj (.data:ADCP_TxTable)
                  20005b00    0000000c     rtsv7M3_T_le_eabi.lib : exit.obj (.data:$O1$$)
                  20005b0c    0000000c                           : memory.obj (.data:$O1$$)
                  20005b18    0000000a     eeprom.obj (.data:board_serial_number)
                  20005b22    0000000a     eeprom.obj (.data:serial_number_data)
                  20005b2c    00000008     rtsv7M3_T_le_eabi.lib : _lock.obj (.data:$O1$$)
                  20005b34    00000008     usb_to_serial.obj (.data:recv_packet)
                  20005b3c    00000008     ethernet_uip.obj (.data:send_packet)
                  20005b44    00000008     usb_to_serial.obj (.data:send_packet)
                  20005b4c    00000008     bsmp_lib.obj (.data:testadcchannels_func)
                  20005b54    00000008     bsmp_lib.obj (.data:testbuzzer_func)
                  20005b5c    00000008     bsmp_lib.obj (.data:testeeprom_func)
                  20005b64    00000008     bsmp_lib.obj (.data:testflash_func)
                  20005b6c    00000008     bsmp_lib.obj (.data:testioexpander_func)
                  20005b74    00000008     bsmp_lib.obj (.data:testisopowersupply_func)
                  20005b7c    00000008     bsmp_lib.obj (.data:testled_func)
                  20005b84    00000008     bsmp_lib.obj (.data:testloopback_func)
                  20005b8c    00000008     bsmp_lib.obj (.data:testram_func)
                  20005b94    00000008     bsmp_lib.obj (.data:testrs485_func)
                  20005b9c    00000008     bsmp_lib.obj (.data:testrtc_func)
                  20005ba4    00000008     bsmp_lib.obj (.data:testtemperaturesensor_func)
                  20005bac    00000008     bsmp_lib.obj (.data:testuartping_func)
                  20005bb4    00000007     exio.obj (.data)
                  20005bbb    00000001     --HOLE--
                  20005bbc    00000006     timer.obj (.data)
                  20005bc2    00000006     uip.obj (.data:uip_ethaddr)
                  20005bc8    00000004     temp_low_power_module.obj (.data)
                  20005bcc    00000003     httpd.obj (.data)

SHARERAMS0 
*          0    20008000    00000014     UNINITIALIZED
                  20008000    00000014     structs.obj (SHARERAMS0)

SHARERAMS2 
*          0    2000c000    00000010     UNINITIALIZED
                  2000c000    00000010     structs.obj (SHARERAMS2)

.bss.1     0    20018000    00002000     UNINITIALIZED
                  20018000    0000185c     (.common:bsmp)
                  2001985c    00000670     (.common:DP_Framework)
                  20019ecc    00000110     (.common:Dado)
                  20019fdc    00000020     (.common:data_eeprom)
                  20019ffc    00000004     ethernet_uip.obj (.bss)

.bss.2     0    2001a000    00001d41     UNINITIALIZED
                  2001a000    00000670     (.common:DP_Framework_MtoC)
                  2001a670    00000644     (.common:ucUIPBuffer)
                  2001acb4    00000634     uip.obj (.bss:uip_reassbuf)
                  2001b2e8    00000105     (.common:Mensagem)
                  2001b3ed    00000001     (.common:IPADDR0)
                  2001b3ee    0000000c     uip.obj (.bss)
                  2001b3fa    00000006     ethernet_uip.obj (.bss:sTempAddr)
                  2001b400    00000400     (.common:g_sDMAControlTable)
                  2001b800    00000100     (.common:uip_udp_conns)
                  2001b900    00000064     (.common:Rectifier)
                  2001b964    00000060     uip_arp.obj (.bss:arp_table)
                  2001b9c4    0000005c     (.common:Mod1Q1)
                  2001ba20    0000005c     (.common:Mod2Q1)
                  2001ba7c    00000048     (.common:Buck)
                  2001bac4    00000040     (.common:uip_conns)
                  2001bb04    00000034     dhcpc.obj (.bss:s)
                  2001bb38    00000034     (.common:uip_stat)
                  2001bb6c    00000028     (.common:Mod1Q4)
                  2001bb94    00000028     (.common:Mod2Q4)
                  2001bbbc    0000001c     rtsv7M3_T_le_eabi.lib : vla_alloc.obj (.bss:$O1$$)
                  2001bbd8    00000018     uip.obj (.bss:uip_reassbitmap)
                  2001bbf0    00000014     (.common:sCANMessage)
                  2001bc04    00000014     (.common:sCANMessageTx)
                  2001bc18    0000000c     (.common:AnalogCh0)
                  2001bc24    0000000c     (.common:AnalogCh1)
                  2001bc30    0000000c     (.common:AnalogCh2)
                  2001bc3c    0000000c     (.common:AnalogCh3)
                  2001bc48    0000000c     (.common:AnalogCh4)
                  2001bc54    0000000c     (.common:AnalogCh5)
                  2001bc60    0000000c     (.common:AnalogCh6)
                  2001bc6c    0000000c     (.common:AnalogCh7)
                  2001bc78    0000000c     (.common:data)
                  2001bc84    0000000c     (.common:data_exio)
                  2001bc90    0000000c     (.common:data_temp)
                  2001bc9c    0000000c     (.common:datatemp)
                  2001bca8    00000008     ethernet_uip.obj (.bss:recv_packet)
                  2001bcb0    00000008     (.common:DataHour)
                  2001bcb8    00000008     (.common:SerialNumber)
                  2001bcc0    00000008     (.common:pui8MsgData)
                  2001bcc8    00000008     (.common:response_to_client)
                  2001bcd0    00000008     (.common:uip_listenports)
                  2001bcd8    00000004     uip_arp.obj (.bss:ipaddr)
                  2001bcdc    00000004     uip.obj (.bss:iss)
                  2001bce0    00000004     uip_arp.obj (.bss)
                  2001bce4    00000004     (.common:floatNchars)
                  2001bce8    00000004     (.common:ipaddr)
                  2001bcec    00000004     (.common:lARPTimer)
                  2001bcf0    00000004     (.common:lPeriodicTimer)
                  2001bcf4    00000004     (.common:tmp1)
                  2001bcf8    00000004     (.common:tmp2)
                  2001bcfc    00000004     (.common:tmp3)
                  2001bd00    00000004     (.common:tmp4)
                  2001bd04    00000004     (.common:uip_acc32)
                  2001bd08    00000004     (.common:uip_appdata)
                  2001bd0c    00000004     (.common:uip_buf)
                  2001bd10    00000004     (.common:uip_conn)
                  2001bd14    00000004     (.common:uip_draddr)
                  2001bd18    00000004     (.common:uip_hostaddr)
                  2001bd1c    00000004     (.common:uip_netmask)
                  2001bd20    00000004     (.common:uip_sappdata)
                  2001bd24    00000004     (.common:uip_udp_conn)
                  2001bd28    00000004     (.common:ulLoop)
                  2001bd2c    00000004     (.common:ulTemp)
                  2001bd30    00000002     (.common:count)
                  2001bd32    00000002     (.common:dummy_read)
                  2001bd34    00000002     (.common:loop_count)
                  2001bd36    00000002     (.common:temp)
                  2001bd38    00000002     (.common:uip_len)
                  2001bd3a    00000002     (.common:uip_slen)
                  2001bd3c    00000001     (.common:IPADDR1)
                  2001bd3d    00000001     (.common:IPADDR2)
                  2001bd3e    00000001     (.common:IPADDR3)
                  2001bd3f    00000001     (.common:rtc_access_sts)
                  2001bd40    00000001     (.common:uip_flags)

SERIALBUFFER 
*          0    20022000    00008394     UNINITIALIZED
                  20022000    00008394     usb_to_serial.obj (SERIALBUFFER)

ETHERNETBUFFER 
*          0    2002c000    000027da     UNINITIALIZED
                  2002c000    00002008     httpd.obj (ETHERNETBUFFER)
                  2002e008    000007d2     ethernet_uip.obj (ETHERNETBUFFER)

MTOC_MSG_RAM 
*          0    2007f800    00000140     UNINITIALIZED
                  2007f800    00000140     ipc_lib.obj (MTOC_MSG_RAM)

CTOM_MSG_RAM 
*          0    2007f000    00000048     DSECT
                  2007f000    00000048     ipc_lib.obj (CTOM_MSG_RAM)

MODULE SUMMARY

       Module                      code    ro data   rw data
       ------                      ----    -------   -------
    .\
       startup_ccs.obj             12      600       0      
       main.obj                    144     0         0      
    +--+---------------------------+-------+---------+---------+
       Total:                      156     600       0      
                                                            
    .\app\board_drivers\
       hardware_def.obj            2220    0         0      
    +--+---------------------------+-------+---------+---------+
       Total:                      2220    0         0      
                                                            
    .\app\communication_drivers\adcp\
       adcp.obj                    1436    0         116    
    +--+---------------------------+-------+---------+---------+
       Total:                      1436    0         116    
                                                            
    .\app\communication_drivers\bsmp\
       bsmp_lib.obj                572     0         6340   
    +--+---------------------------+-------+---------+---------+
       Total:                      572     0         6340   
                                                            
    .\app\communication_drivers\bsmp\bsmp\src\
       server_priv.obj             4378    0         0      
       server.obj                  430     0         1024   
       bsmp.obj                    202     0         1024   
    +--+---------------------------+-------+---------+---------+
       Total:                      5010    0         2048   
                                                            
    .\app\communication_drivers\bsmp\bsmp\src\md5\
       md5.obj                     3660    0         64     
    +--+---------------------------+-------+---------+---------+
       Total:                      3660    0         64     
                                                            
    .\app\communication_drivers\can\
       can_bkp.obj                 7164    0         505    
    +--+---------------------------+-------+---------+---------+
       Total:                      7164    0         505    
                                                            
    .\app\communication_drivers\epi\
       sdram_mem.obj               452     0         0      
    +--+---------------------------+-------+---------+---------+
       Total:                      452     0         0      
                                                            
    .\app\communication_drivers\ethernet\
       ethernet_uip.obj            2792    0         4704   
    +--+---------------------------+-------+---------+---------+
       Total:                      2792    0         4704   
                                                            
    .\app\communication_drivers\ethernet\server_net\
       httpd.obj                   336     0         8213   
    +--+---------------------------+-------+---------+---------+
       Total:                      336     0         8213   
                                                            
    .\app\communication_drivers\ethernet\server_net\uip-1.0\apps\dhcpc\
       dhcpc.obj                   1244    8         52     
    +--+---------------------------+-------+---------+---------+
       Total:                      1244    8         52     
                                                            
    .\app\communication_drivers\ethernet\server_net\uip-1.0\uip\
       uip.obj                     6448    16        2051   
       uip_arp.obj                 1232    10        104    
       uip_timer.obj               52      0         0      
    +--+---------------------------+-------+---------+---------+
       Total:                      7732    26        2155   
                                                            
    .\app\communication_drivers\flash\
       flash_mem.obj               692     0         8      
    +--+---------------------------+-------+---------+---------+
       Total:                      692     0         8      
                                                            
    .\app\communication_drivers\i2c_offboard_isolated\
       temp_low_power_module.obj   492     0         32     
       i2c_offboard_isolated.obj   224     0         0      
    +--+---------------------------+-------+---------+---------+
       Total:                      716     0         32     
                                                            
    .\app\communication_drivers\i2c_onboard\
       eeprom.obj                  4272    0         191    
       rtc.obj                     1036    0         21     
       exio.obj                    868     0         19     
       i2c_onboard.obj             392     0         0      
       temp_sensor.obj             104     0         14     
    +--+---------------------------+-------+---------+---------+
       Total:                      6672    0         245    
                                                            
    .\app\communication_drivers\ihm\
       ihm.obj                     3332    0         534    
    +--+---------------------------+-------+---------+---------+
       Total:                      3332    0         534    
                                                            
    .\app\communication_drivers\ipc\
       ipc_lib.obj                 560     16384     320    
    +--+---------------------------+-------+---------+---------+
       Total:                      560     16384     320    
                                                            
    .\app\communication_drivers\jiga\
       jiga.obj                    9628    0         47     
    +--+---------------------------+-------+---------+---------+
       Total:                      9628    0         47     
                                                            
    .\app\communication_drivers\parameters\system\
       system.obj                  66      0         0      
    +--+---------------------------+-------+---------+---------+
       Total:                      66      0         0      
                                                            
    .\app\communication_drivers\rs485_bkp\
       rs485_bkp.obj               490     0         0      
    +--+---------------------------+-------+---------+---------+
       Total:                      490     0         0      
                                                            
    .\app\communication_drivers\shared_memory\
       structs.obj                 0       0         3332   
       ctrl_law.obj                372     0         0      
       main_var.obj                204     0         0      
    +--+---------------------------+-------+---------+---------+
       Total:                      576     0         3332   
                                                            
    .\app\communication_drivers\system_task\
       system_task.obj             1044    0         26     
    +--+---------------------------+-------+---------+---------+
       Total:                      1044    0         26     
                                                            
    .\app\communication_drivers\timer\
       timer.obj                   300     0         6      
    +--+---------------------------+-------+---------+---------+
       Total:                      300     0         6      
                                                            
    .\app\communication_drivers\usb_to_serial\
       usb_to_serial.obj           444     0         33702  
    +--+---------------------------+-------+---------+---------+
       Total:                      444     0         33702  
                                                            
    ../driverlib.lib
       sysctl.obj                  2418    100       0      
       interrupt.obj               720     144       600    
       can.obj                     1402    18        0      
       ipc_lite.obj                1400    0         0      
       gpio.obj                    1096    136       0      
       ethernet.obj                784     0         0      
       udma.obj                    748     0         0      
       timer.obj                   556     0         0      
       ipc_util.obj                428     0         0      
       epi.obj                     390     0         0      
       flash.obj                   384     0         0      
       i2c.obj                     368     0         0      
       ssi.obj                     292     32        0      
       ram.obj                     264     0         0      
       watchdog.obj                172     0         0      
       systick.obj                 120     0         0      
       cpu.obj                     54      0         0      
    +--+---------------------------+-------+---------+---------+
       Total:                      11596   430       600    
                                                            
    C:\ti\ccsv7\tools\compiler\ti-cgt-arm_16.9.3.LTS\lib\rtsv7M3_T_le_eabi.lib
       memory.obj                  972     0         12     
       vla_alloc.obj               584     0         28     
       fs_cmp_t2.obj               192     0         0      
       memcpy_t2.obj               156     0         0      
       fs_mul_t2.obj               122     0         0      
       memset_t2.obj               122     0         0      
       autoinit.obj                112     0         0      
       copy_decompress_lzss.obj    104     0         0      
       exit.obj                    84      0         12     
       cpy_tbl.obj                 76      0         0      
       boot.obj                    64      0         0      
       fs_toi_t2.obj               56      0         0      
       i_tofs_t2.obj               56      0         0      
       fs_tou_t2.obj               52      0         0      
       memcmp.obj                  36      0         0      
       u_tofs_t2.obj               36      0         0      
       _lock.obj                   20      0         8      
       args_main.obj               24      0         0      
       copy_decompress_none.obj    14      0         0      
       copy_zero_init.obj          12      0         0      
       error.obj                   4       0         0      
       pre_init.obj                4       0         0      
       stkdepth_vars.obj           0       0         4      
       mpu_init.obj                2       0         0      
       startup.obj                 2       0         0      
    +--+---------------------------+-------+---------+---------+
       Total:                      2906    0         64     
                                                            
       Heap:                       0       0         8      
       Stack:                      0       0         256    
       Linker Generated:           0       521       0      
    +--+---------------------------+-------+---------+---------+
       Grand Total:                71796   17969     63377  


LINKER GENERATED COPY TABLES

__TI_cinit_table @ 0021da48 records: 9, size/record: 8, table size: 72
	.data: load addr=0021d8e8, load size=00000107 bytes, run addr=200051b0, run size=00000a1f bytes, compression=lzss
	SERIALBUFFER: load addr=0021d9ef, load size=0000000d bytes, run addr=20022000, run size=00008394 bytes, compression=lzss
	ETHERNETBUFFER: load addr=0021da08, load size=00000009 bytes, run addr=2002c000, run size=000027da bytes, compression=lzss
	.bss.1: load addr=0021da18, load size=00000008 bytes, run addr=20018000, run size=00002000 bytes, compression=zero_init
	.bss.2: load addr=0021da20, load size=00000008 bytes, run addr=2001a000, run size=00001d41 bytes, compression=zero_init
	.vtable: load addr=0021da28, load size=00000008 bytes, run addr=20000400, run size=00000258 bytes, compression=zero_init
	MTOC_MSG_RAM: load addr=0021da30, load size=00000008 bytes, run addr=2007f800, run size=00000140 bytes, compression=zero_init
	SHARERAMS0: load addr=0021da38, load size=00000008 bytes, run addr=20008000, run size=00000014 bytes, compression=zero_init
	SHARERAMS2: load addr=0021da40, load size=00000008 bytes, run addr=2000c000, run size=00000010 bytes, compression=zero_init


LINKER GENERATED HANDLER TABLE

__TI_handler_table @ 0021d9fc records: 3, size/record: 4, table size: 12
	index: 0, handler: __TI_zero_init
	index: 1, handler: __TI_decompress_lzss
	index: 2, handler: __TI_decompress_none


LINKER GENERATED CRC TABLES

AppCrc @ 0021da90 records: 4, size/record: 24, table size: 104
	ramfuncs: algorithm=CRC32_PRIME(ID=0), load addr=00201258, size=000000bc, CRC=000000004cce7c01
	.text: algorithm=CRC32_PRIME(ID=0), load addr=00208000, size=00011718, CRC=000000008d874b81
	.const: algorithm=CRC32_PRIME(ID=0), load addr=00219718, size=000041d0, CRC=00000000990de80f
	.cinit: algorithm=CRC32_PRIME(ID=0), load addr=0021d8e8, size=000001a8, CRC=00000000520d13bc


FAR CALL TRAMPOLINES

callee name               trampoline name
   callee addr  tramp addr   call addr  call info
--------------  -----------  ---------  ----------------
FlashInit                 $Tramp$TT$L$PI$$FlashInit
   20000001     00219710     00216f84   main.obj (.text:main)

[1 trampolines]
[1 trampoline calls]


GLOBAL SYMBOLS: SORTED ALPHABETICALLY BY Name 

address   name                            
-------   ----                            
20005ab7  ADCP_TEST_REQUEST               
20005aee  ADCP_TxTable                    
00212add  AdcChannel                      
002146a9  AdcChannelAppConfig             
00219291  AdcpCleanRxBuffer               
00218c49  AdcpConfig                      
0020e285  AdcpFunctionTest                
00214b8d  AdcpInit                        
002165e1  AdcpIntHandler                  
00218fc1  AdcpRead                        
00216e45  AdcpReadChannel                 
00218df9  AdcpRxIntEnable                 
002195bd  AlarmStatusClear                
002195c9  AlarmStatusRead                 
2001bc18  AnalogCh0                       
2001bc24  AnalogCh1                       
2001bc30  AnalogCh2                       
2001bc3c  AnalogCh3                       
2001bc48  AnalogCh4                       
2001bc54  AnalogCh5                       
2001bc60  AnalogCh6                       
2001bc6c  AnalogCh7                       
0021da90  AppCrc                          
002167f1  BSMPInit                        
002192a9  BSMPprocess                     
2001ba7c  Buck                            
002196f1  BufferAdress                    
002195d5  BufferClear                     
002195e1  BufferLen                       
0021845d  BuffersCtrl                     
002180f9  C$$EXIT                         
0020f139  CANBitRateSet                   
0020f10d  CANBitTimingGet                 
0020f1a3  CANBitTimingSet                 
0020f0e7  CANClkSourceSelect              
0020f0dd  CANDisable                      
0020f0d3  CANEnable                       
0020f2b9  CANErrCntrGet                   
0020f04b  CANInit                         
0020f249  CANIntClear                     
0020f22b  CANIntDisable                   
0020f223  CANIntEnable                    
0020f1f7  CANIntRegister                  
0020f235  CANIntStatus                    
0020f20f  CANIntUnregister                
0020f541  CANMessageClear                 
0020f415  CANMessageGet                   
0020f2d1  CANMessageSet                   
0020f285  CANRetryGet                     
0020f273  CANRetrySet                     
0020f291  CANStatusGet                    
00218a35  CPUbasepriGet                   
00218a2f  CPUbasepriSet                   
00218a09  CPUcpsid                        
00218a1f  CPUcpsie                        
00218a15  CPUprimask                      
00218a2b  CPUwfi                          
00208001  CanCheck                        
20005aec  Counter                         
0021956d  CtoMIPC1IntHandler              
0021957d  CtoMIPC2IntHandler              
0021958d  CtoMIPC3IntHandler              
002192c1  CtrlLoopRead                    
00218ea9  CtrlLoopWrite                   
2001985c  DP_Framework                    
2001a000  DP_Framework_MtoC               
20019ecc  Dado                            
2001bcb0  DataHour                        
002195ed  DataHourRead                    
00218295  DcdcPwrCtrl                     
002185c5  DcdcSts                         
00218ed1  DisplayProcessData              
20005aab  EEPROM_WRITE_REQUEST            
002133cd  EPIAddressMapSet                
002133a9  EPIConfigGPModeSet              
00213377  EPIConfigHB16Set                
00213345  EPIConfigHB8Set                 
00213339  EPIConfigSDRAMSet               
00213335  EPIDividerSet                   
00213457  EPIFIFOConfig                   
0021346f  EPIIntDisable                   
00213463  EPIIntEnable                    
00213491  EPIIntErrorClear                
0021348b  EPIIntErrorStatus               
00213497  EPIIntRegister                  
0021347d  EPIIntStatus                    
002134a7  EPIIntUnregister                
00213331  EPIModeSet                      
002133f9  EPINonBlockingReadAvail         
002133d1  EPINonBlockingReadConfigure     
002133f1  EPINonBlockingReadCount         
0021341b  EPINonBlockingReadGet16         
002133fd  EPINonBlockingReadGet32         
00213439  EPINonBlockingReadGet8          
002133df  EPINonBlockingReadStart         
002133e7  EPINonBlockingReadStop          
0021345d  EPIWriteFIFOCountGet            
20005ab4  EXIO_TEST_REQUEST               
00218ef9  EepromReadPSModel               
002155f9  EepromReadSerialNumber          
00216249  EepromWriteIP                   
00216301  EepromWriteIPMask               
00215919  EepromWriteKd1                  
002159dd  EepromWriteKd2                  
00215aa1  EepromWriteKd3                  
00215b65  EepromWriteKd4                  
00215c29  EepromWriteKi1                  
00215ced  EepromWriteKi2                  
00215db1  EepromWriteKi3                  
00215e75  EepromWriteKi4                  
00215f39  EepromWriteKp1                  
00215ffd  EepromWriteKp2                  
002160c1  EepromWriteKp3                  
00216185  EepromWriteKp4                  
00217109  EepromWritePSModel              
002182e1  EepromWriteRequestCheck         
0021718d  EepromWriteRs485Add             
002163b9  EepromWriteRs485BaudRate        
002122dd  EepromWriteSerialNumber         
0021739d  EnablePeripherals               
002147a5  EthLoadParam                    
00210995  EthernetConfigGet               
00210969  EthernetConfigSet               
00210a29  EthernetDisable                 
00210a07  EthernetEnable                  
002114d9  EthernetInit                    
00210959  EthernetInitExpClk              
00210be7  EthernetIntClear                
00210bd1  EthernetIntDisable              
00210bc9  EthernetIntEnable               
0021545d  EthernetIntHandler              
00210ba9  EthernetIntRegister             
00210bdb  EthernetIntStatus               
00210bb9  EthernetIntUnregister           
002109dd  EthernetMACAddrGet              
002109af  EthernetMACAddrSet              
00210c2b  EthernetPHYPowerOff             
00210c47  EthernetPHYPowerOn              
00210c0b  EthernetPHYRead                 
00210beb  EthernetPHYWrite                
00210a4b  EthernetPacketAvail             
00210aff  EthernetPacketGet               
00213785  EthernetPacketGetDMA            
00210aef  EthernetPacketGetNonBlocking    
00210b9f  EthernetPacketPut               
00210b8f  EthernetPacketPutNonBlocking    
002187c9  EthernetProcessCMD              
002120b5  EthernetProcessData             
00210a59  EthernetSpaceAvail              
00217611  ExIOInit                        
20005bb7  ExIo1Sts                        
20005bb8  ExIo2Sts                        
002188b9  ExIoTestResult                  
00217cbd  ExIoTestRoutine                 
20005ab9  FLASH_TEST_REQUEST              
002195f9  FlashDeviceIDRead               
20000001  FlashInit                       
00218aad  FlashMemInit                    
0021177d  FlashMemReadSerialNumber        
20000057  FlashSetup                      
0020fbab  GPIODirModeGet                  
0020fb7b  GPIODirModeSet                  
0020fc1b  GPIOIntTypeGet                  
0020fbd5  GPIOIntTypeSet                  
0020fcaf  GPIOPadConfigGet                
0020fc55  GPIOPadConfigSet                
0020fe3d  GPIOPinConfigure                
0020fea1  GPIOPinConfigureCoreSelect      
0020fd13  GPIOPinIntClear                 
0020fcf7  GPIOPinIntDisable               
0020fceb  GPIOPinIntEnable                
0020fd05  GPIOPinIntStatus                
0020fecb  GPIOPinLock                     
0020fec1  GPIOPinLockStatus               
0020fd45  GPIOPinRead                     
0020fd51  GPIOPinTypeCAN                  
0020fe21  GPIOPinTypeEPI                  
0020fd65  GPIOPinTypeGPIOInput            
0020fd79  GPIOPinTypeGPIOOutput           
0020fd8d  GPIOPinTypeGPIOOutputOD         
0020fda1  GPIOPinTypeI2C                  
0020fdb5  GPIOPinTypeSSI                  
0020fdc9  GPIOPinTypeTimer                
0020fddd  GPIOPinTypeUART                 
0020fe0d  GPIOPinTypeUSBAnalog            
0020fdf5  GPIOPinTypeUSBDigital           
0020fef1  GPIOPinUnlock                   
0020fd4b  GPIOPinWrite                    
0020fd19  GPIOPortIntRegister             
0020fd31  GPIOPortIntUnregister           
002181f5  GlobalTimerInit                 
00215105  GlobalTimerIntHandler           
002192d9  HardInterlockSts                
0021832d  HradcRstCtrl                    
0021352d  I2CIntRegister                  
00213549  I2CIntUnregister                
002135e5  I2CMasterBusBusy                
002135dd  I2CMasterBusy                   
002135ed  I2CMasterControl                
0021360f  I2CMasterDataGet                
0021360b  I2CMasterDataPut                
00213511  I2CMasterDisable                
002134f5  I2CMasterEnable                 
002135f1  I2CMasterErr                    
002134b9  I2CMasterInitExpClk             
002135c5  I2CMasterIntClear               
0021357d  I2CMasterIntDisable             
00213565  I2CMasterIntEnable              
00213597  I2CMasterIntStatus              
002135d5  I2CMasterSlaveAddrSet           
0021361b  I2CSlaveDataGet                 
00213617  I2CSlaveDataPut                 
0021351b  I2CSlaveDisable                 
002134ff  I2CSlaveEnable                  
002134e7  I2CSlaveInit                    
002135cb  I2CSlaveIntClear                
002135d1  I2CSlaveIntClearEx              
00213583  I2CSlaveIntDisable              
0021358d  I2CSlaveIntDisableEx            
0021356b  I2CSlaveIntEnable               
00213575  I2CSlaveIntEnableEx             
002135a9  I2CSlaveIntStatus               
002135bb  I2CSlaveIntStatusEx             
00213613  I2CSlaveStatus                  
00219605  IOutputRead                     
2001b3ed  IPADDR0                         
2001bd3c  IPADDR1                         
2001bd3d  IPADDR2                         
2001bd3e  IPADDR3                         
0021864d  IPAddressRead                   
00214041  IPAddressWrite                  
00212e75  IPCCtoMFlagAcknowledge          
00212e7f  IPCCtoMFlagBusy                 
002128f5  IPCInit                         
0020f8f1  IPCLiteCtoMClearBits            
0020f94b  IPCLiteCtoMClearBits_Protected  
0020f7cf  IPCLiteCtoMDataRead             
0020f9bb  IPCLiteCtoMDataWrite            
0020fa11  IPCLiteCtoMDataWrite_Protected  
0020fa7d  IPCLiteCtoMFunctionCall         
0020f817  IPCLiteCtoMSetBits              
0020f879  IPCLiteCtoMSetBits_Protected    
0020f7a9  IPCLiteMtoCBootBranch           
0020f677  IPCLiteMtoCClearBits            
0020f6bf  IPCLiteMtoCClearBits_Protected  
0020f589  IPCLiteMtoCDataRead             
0020f707  IPCLiteMtoCDataWrite            
0020f741  IPCLiteMtoCDataWrite_Protected  
0020f77b  IPCLiteMtoCFunctionCall         
0020f561  IPCLiteMtoCGetResult            
0020f5c7  IPCLiteMtoCSetBits              
0020f61f  IPCLiteMtoCSetBits_Protected    
00212ed1  IPCMtoCBootControlSystem        
00212e91  IPCMtoCFlagBusy                 
00212eaf  IPCMtoCFlagClear                
00212ea3  IPCMtoCFlagSet                  
00212ebb  IPCMtoCSharedRamConvert         
2007f000  IPC_CtoM_Msg                    
2007f800  IPC_MtoC_Msg                    
20005ad0  IPMASK0                         
20005ad1  IPMASK1                         
20005ad2  IPMASK2                         
20005ad3  IPMASK3                         
20005ab5  ISO_PS_TEST_REQUEST             
00219611  ISetpointRead                   
00219129  ISetpointWrite                  
20005aa4  ITLK_ALARM_RESET                
00218fe5  InitI2COnboard                  
00217e9d  InitUsb2Serial                  
002110b1  IntDisable                      
00211035  IntEnable                       
00210f6b  IntFlashVTable                  
00210f61  IntMasterDisable                
00210f57  IntMasterEnable                 
0021119b  IntPendClear                    
0021112f  IntPendSet                      
0021101b  IntPriorityGet                  
00210fcd  IntPriorityGroupingGet          
00210fbb  IntPriorityGroupingSet          
00218a35  IntPriorityMaskGet              
00218a2f  IntPriorityMaskSet              
00210fef  IntPrioritySet                  
00210f79  IntRAMVTable                    
00210f87  IntRegister                     
00210fb1  IntUnregister                   
00218c79  InterlockAlarmReset             
00211225  InterlockStatusClear            
00218ca9  IsoPowerSupplyLoopBackTest      
0021961d  IsoPowerSupplyLoopbackResult    
20005ae9  ItlkOld1                        
20005aea  ItlkOld2                        
002192f1  KiRead                          
00217211  KiWrite                         
00219629  KpRead                          
00216ff5  KpWrite                         
20005aaf  LED_ITLK_TURN_OFF_REQUEST       
20005aae  LED_ITLK_TURN_ON_REQUEST        
20005aad  LED_STS_TURN_OFF_REQUEST        
20005aac  LED_STS_TURN_ON_REQUEST         
20005ab6  LOOPBACK_TEST_REQUEST           
00217ef5  LedItlkCtrl                     
00219635  LedItlkCtrlRead                 
20005bb5  LedItlkMode                     
20005bc0  LedItlkTime                     
00217f4d  LedStsCtrl                      
00219641  LedStsCtrlRead                  
20005bb4  LedStsMode                      
20005bbf  LedStsTime                      
0021964d  LocRemUpdate                    
002098fd  LoopBackFunctionTest            
20005ac8  MAC_ADDRESS                     
00217b1d  MD5Final                        
00218805  MD5Init                         
00216529  MD5Update                       
2001b2e8  Mensagem                        
2001b9c4  Mod1Q1                          
2001bb6c  Mod1Q4                          
2001ba20  Mod2Q1                          
2001bb94  Mod2Q4                          
00219659  OutputStsRead                   
00219205  OutputStsWrite                  
20005aa7  PROCESS_CAN_MESS                
20005aa5  PROCESS_DISP_MESS               
20005aa6  PROCESS_ETH_MESS                
20005aaa  PROCESS_POWER_TEMP_SAMPLE       
20005aa8  PROCESS_RS485_MESS              
20005aa9  PROCESS_USB2SERIAL_MESS         
20005ad8  PSModuleAlarms                  
00214c81  PinCorSet                       
002151e1  PinoutSet                       
00219665  PowerSupply1Temp                
00217689  PowerSupply1TempRead            
00217701  PowerSupply2TempRead            
00217779  PowerSupply3TempRead            
002177f1  PowerSupply4TempRead            
00219671  PowerSupplyModelRead            
0020cdad  ProcessCmd                      
00214531  RAMControlInitL0L3Ram           
002144c7  RAMControlInitM1MsgRam          
002144a1  RAMMReqSharedMemAccess          
20005aba  RAM_TEST_REQUEST                
20005aa3  READ_IIB                        
20005aa2  READ_RTC                        
20005ab8  RS485_TEST_REQUEST              
0021967d  RTCAccessStatus                 
0021499d  RTCAccessTest                   
00217d21  RTCCheckOF                      
00217ffd  RTCClearHT                      
00219689  RTCInit                         
002138dd  RTCReadDataHour                 
00218841  RTCSramRead                     
002184a5  RTCSramWrite                    
00218ae1  RTCStatusOF                     
002188f1  RTCStopClock                    
20005ab3  RTC_TEST_REQUEST                
00201314  RamfuncsLoadEnd                 
000000bc  RamfuncsLoadSize                
00201258  RamfuncsLoadStart               
200000bc  RamfuncsRunEnd                  
000000bc  RamfuncsRunSize                 
20000000  RamfuncsRunStart                
00219695  ReadEepromSts                   
00214f45  ReadI2C                         
00215025  ReadI2COffboardIsolated         
00218379  ReadTemperature                 
2001b900  Rectifier                       
00200031  ResetISR                        
00210629  Rs485Loopbacktest               
20005ab2  SAMPLE_BOARD_TEMP_REQUEST       
UNDEFED   SHT$$INIT_ARRAY$$Base           
UNDEFED   SHT$$INIT_ARRAY$$Limit          
20005ab1  SOUND_ITLK_TURN_OFF_REQUEST     
20005ab0  SOUND_ITLK_TURN_ON_REQUEST      
0021427f  SSIBusy                         
0021418f  SSIConfigSetExpClk              
00214275  SSIDMADisable                   
0021426d  SSIDMAEnable                    
0021424f  SSIDataGet                      
0021425b  SSIDataGetNonBlocking           
00214235  SSIDataPut                      
0021423f  SSIDataPutNonBlocking           
002141df  SSIDisable                      
002141d5  SSIEnable                       
00214231  SSIIntClear                     
0021421d  SSIIntDisable                   
00214215  SSIIntEnable                    
002141e9  SSIIntRegister                  
00214227  SSIIntStatus                    
00214201  SSIIntUnregister                
00219149  SaveIpAddress                   
00219169  SaveKi1Gain                     
00219189  SaveKp1Gain                     
00216ed5  SaveSerialNumber                
0021887d  SdramInit                       
00218b15  SendCanMessage                  
0021552d  SendDisplay                     
00219309  SendIpcFlag                     
00216d19  SeparaDado                      
2001bcb8  SerialNumber                    
00219321  SoftInterlockSts                
20005bb6  SoundMode                       
00217fa5  SoundSelCtrl                    
002196a1  SoundSelCtrlRead                
20005bc1  SoundTime                       
0020dff5  SysCtlC28Disable                
0020dfdd  SysCtlC28Enable                 
0020df15  SysCtlClockConfigGet            
0020decf  SysCtlClockConfigSet            
0020dc79  SysCtlClockDividersSet          
0020df69  SysCtlClockGet                  
0020ddad  SysCtlClockPllConfig            
0020dbad  SysCtlDeepSleep                 
00219701  SysCtlDelay                     
0020e159  SysCtlEnableAERRNMI             
0020d937  SysCtlFlashSizeGet              
0020e02d  SysCtlGPIOAHBDisable            
0020e011  SysCtlGPIOAHBEnable             
0020e16f  SysCtlGetNmiConfig              
0020e183  SysCtlGetNmiFlagStatus          
0020e175  SysCtlGetNmiInterruptStatus     
0020e1d9  SysCtlHoldSubSystemInReset      
0020e1a3  SysCtlNmiFlgClr                 
0020e1bb  SysCtlNmiFlgClrAll              
0020e191  SysCtlNmiIsSet                  
0020db81  SysCtlPeripheralClockGating     
0020db59  SysCtlPeripheralDeepSleepDisable
0020db31  SysCtlPeripheralDeepSleepEnable 
0020da9b  SysCtlPeripheralDisable         
0020da73  SysCtlPeripheralEnable          
0020dac3  SysCtlPeripheralIsEnabled       
0020d943  SysCtlPeripheralPresent         
0020d9a7  SysCtlPeripheralReset           
0020db09  SysCtlPeripheralSleepDisable    
0020dae1  SysCtlPeripheralSleepEnable     
0020dd85  SysCtlPowerOffPLL               
0020e209  SysCtlReleaseSubSystemFromReset 
0020dba5  SysCtlReset                     
0020dbcf  SysCtlResetCauseClear           
0020dbc7  SysCtlResetCauseGet             
0020d919  SysCtlSRAMSizeGet               
00218a2b  SysCtlSleep                     
0020e22b  SysCtlSubSystemReset            
0020e137  SysCtlUSBPLLConfigGet           
0020e09b  SysCtlUSBPLLConfigSet           
0020e083  SysCtlUSBPLLDisable             
0020e051  SysCtlUSBPLLEnable              
0020dbdd  SysCtlXPllClockDividerSet       
00217875  SysTickDisable                  
00217869  SysTickEnable                   
002178b3  SysTickIntDisable               
002178a7  SysTickIntEnable                
00218e25  SysTickIntHandler               
00217881  SysTickIntRegister              
00217897  SysTickIntUnregister            
002178c9  SysTickPeriodGet                
002178bf  SysTickPeriodSet                
002178d3  SysTickValueGet                 
00219471  SystemConfig                    
00218e51  SystemInit                      
20005abb  TEMP_SENSE_TEST_REQUEST         
002119f1  TaskCheck                       
00212cb1  TaskSetNew                      
20005bc8  Temp1                           
20005bc9  Temp2                           
20005bca  Temp3                           
20005bcb  Temp4                           
00219221  TemperatureCelsius              
0021923d  TestAdcChannels                 
00216471  TestAdcpRange                   
00219487  TestBuzzer                      
002196dd  TestBuzzerTurnOn                
00218051  TestEeprom                      
00217e41  TestEepromWriteSerialNumber     
00219339  TestFlash                       
00218f21  TestFlashMem                    
002184ed  TestFlashRoutine                
00219009  TestIoExp                       
00219351  TestIoExpander                  
0021902d  TestIsoPowerSup                 
00219369  TestIsoPowerSupply              
0021949d  TestLed                         
00219535  TestLedTurnOn                   
002124f5  TestLoopBackSignal              
00219259  TestLoopback                    
00219381  TestRam                         
00218f49  TestRamMem                      
00218e7d  TestRamRoutine                  
00219399  TestRs485                       
00218f71  TestRs485Loop                   
002193b1  TestRtc                         
00219051  TestRtcMod                      
00218f99  TestTempSense                   
00218609  TestTempSenseRoutine            
002193c9  TestTemperatureSensor           
002193e1  TestuartPing                    
00211ea5  TimerConfigure                  
00211eeb  TimerControlEvent               
00211ebf  TimerControlLevel               
00211eff  TimerControlStall               
00211ed5  TimerControlTrigger             
00211f15  TimerControlWaitOnTrigger       
00211e97  TimerDisable                    
00211e89  TimerEnable                     
0021209d  TimerIntClear                   
00212089  TimerIntDisable                 
00212081  TimerIntEnable                  
00211fe3  TimerIntRegister                
00212093  TimerIntStatus                  
00212035  TimerIntUnregister              
00211fad  TimerLoadGet                    
00211f9b  TimerLoadSet                    
00211fd7  TimerMatchGet                   
00211fc5  TimerMatchSet                   
00211f71  TimerPrescaleGet                
00211f8f  TimerPrescaleMatchGet           
00211f7d  TimerPrescaleMatchSet           
00211f5f  TimerPrescaleSet                
00211f55  TimerRTCDisable                 
00211f4b  TimerRTCEnable                  
00211fb9  TimerValueGet                   
002194b3  UARTCharGet                     
002191a9  UARTCharPut                     
00219075  UARTCharPutNonBlocking          
002193f9  UARTCharsAvail                  
00217959  UARTConfigSetExpClk             
00218cd9  UARTDisable                     
00219099  UARTEnable                      
002194c9  UARTFIFOEnable                  
00219411  UARTFIFOLevelSet                
00219547  UARTIntClear                    
00219429  UARTIntEnable                   
002191c7  UARTIntStatus                   
0021959d  UARTRxErrorClear                
00219559  UARTRxErrorGet                  
00219441  UARTSpaceAvail                  
00214d71  Usb2SerialIntHandler            
00218929  Usb2SerialProcessData           
0021868d  Usb2SerialTxHandler             
00216951  WatchdogEnable                  
002169cd  WatchdogIntClear                
002169b9  WatchdogIntEnable               
00216999  WatchdogIntRegister             
002169c3  WatchdogIntStatus               
002169a9  WatchdogIntUnregister           
0021696f  WatchdogLock                    
0021697f  WatchdogLockState               
00216991  WatchdogReloadGet               
[...]
00216249  EepromWriteIP                   
00216301  EepromWriteIPMask               
002163b9  EepromWriteRs485BaudRate        
00216471  TestAdcpRange                   
00216529  MD5Update                       
002165e1  AdcpIntHandler                  
00216741  var_read                        
002167f1  BSMPInit                        
0021689d  curve_query_list                
00216949  WatchdogRunning                 
00216951  WatchdogEnable                  
0021695b  WatchdogResetEnable             
00216965  WatchdogResetDisable            
0021696f  WatchdogLock                    
00216977  WatchdogUnlock                  
0021697f  WatchdogLockState               
0021698d  WatchdogReloadSet               
00216991  WatchdogReloadGet               
00216995  WatchdogValueGet                
00216999  WatchdogIntRegister             
002169a9  WatchdogIntUnregister           
002169b9  WatchdogIntEnable               
002169c3  WatchdogIntStatus               
002169cd  WatchdogIntClear                
002169d3  WatchdogStallEnable             
002169e1  WatchdogStallDisable            
002169f5  uip_add32                       
00216b43  group_query                     
00216bdf  __aeabi_memcpy                  
00216bdf  __aeabi_memcpy4                 
00216bdf  __aeabi_memcpy8                 
00216bdf  memcpy                          
00216c7d  uip_init                        
00216d19  SeparaDado                      
00216db1  bsmp_register_function          
00216e45  AdcpReadChannel                 
00216ed5  SaveSerialNumber                
00216f65  main                            
00216ff5  KpWrite                         
00217081  group_query_list                
00217109  EepromWritePSModel              
0021718d  EepromWriteRs485Add             
00217211  KiWrite                         
00217295  WriteI2C                        
00217319  var_query_list                  
0021739d  EnablePeripherals               
0021749d  curve_query_csum                
0021751d  __aeabi_fmul                    
00217597  __aeabi_memclr                  
00217597  __aeabi_memclr4                 
00217597  __aeabi_memclr8                 
00217599  __aeabi_memset                  
00217599  __aeabi_memset4                 
00217599  __aeabi_memset8                 
0021759f  memset                          
00217611  ExIOInit                        
00217689  PowerSupply1TempRead            
00217701  PowerSupply2TempRead            
00217779  PowerSupply3TempRead            
002177f1  PowerSupply4TempRead            
00217869  SysTickEnable                   
00217875  SysTickDisable                  
00217881  SysTickIntRegister              
00217897  SysTickIntUnregister            
002178a7  SysTickIntEnable                
002178b3  SysTickIntDisable               
002178bf  SysTickPeriodSet                
002178c9  SysTickPeriodGet                
002178d3  SysTickValueGet                 
002178e1  func_query_list                 
00217959  UARTConfigSetExpClk             
002179d1  __TI_auto_init                  
00217ab1  uip_arp_timer                   
00217b1d  MD5Final                        
00217b85  __TI_decompress_lzss            
00217cbd  ExIoTestRoutine                 
00217d21  RTCCheckOF                      
00217d81  __aeabi_cfcmpeq                 
00217d81  __aeabi_cfcmple                 
00217de1  __aeabi_cfrcmple                
00217e41  TestEepromWriteSerialNumber     
00217e9d  InitUsb2Serial                  
00217ef5  LedItlkCtrl                     
00217f4d  LedStsCtrl                      
00217fa5  SoundSelCtrl                    
00217ffd  RTCClearHT                      
00218051  TestEeprom                      
002180a5  dhcpc_configured                
002180f9  C$$EXIT                         
002180fd  abort                           
00218105  exit                            
002181f5  GlobalTimerInit                 
00218245  uip_listen                      
00218295  DcdcPwrCtrl                     
002182e1  EepromWriteRequestCheck         
0021832d  HradcRstCtrl                    
00218379  ReadTemperature                 
002183c5  query_version                   
00218411  copy_in                         
0021845d  BuffersCtrl                     
002184a5  RTCSramWrite                    
002184ed  TestFlashRoutine                
00218535  bsmp_server_init                
002185c5  DcdcSts                         
00218609  TestTempSenseRoutine            
0021864d  IPAddressRead                   
0021868d  Usb2SerialTxHandler             
002186cd  _c_int00                        
0021878b  group_add_var                   
002187c9  EthernetProcessCMD              
00218805  MD5Init                         
00218841  RTCSramRead                     
0021887d  SdramInit                       
002188b9  ExIoTestResult                  
002188f1  RTCStopClock                    
00218929  Usb2SerialProcessData           
00218961  __aeabi_f2iz                    
00218999  __aeabi_i2f                     
002189d1  uip_send                        
00218a09  CPUcpsid                        
00218a15  CPUprimask                      
00218a1f  CPUcpsie                        
00218a2b  CPUwfi                          
00218a2b  SysCtlSleep                     
00218a2f  CPUbasepriSet                   
00218a2f  IntPriorityMaskSet              
00218a35  CPUbasepriGet                   
00218a35  IntPriorityMaskGet              
00218a3f  func_check                      
00218a75  group_remove_all                
00218aad  FlashMemInit                    
00218ae1  RTCStatusOF                     
00218b15  SendCanMessage                  
00218b49  binops_clear                    
00218b7d  __aeabi_f2uiz                   
00218bb1  binops_and                      
00218be3  binops_or                       
00218c15  binops_xor                      
00218c49  AdcpConfig                      
00218c79  InterlockAlarmReset             
00218ca9  IsoPowerSupplyLoopBackTest      
00218cd9  UARTDisable                     
00218d99  httpd_insert_response           
00218dc9  uip_ipchksum                    
00218df9  AdcpRxIntEnable                 
00218e25  SysTickIntHandler               
00218e51  SystemInit                      
00218e7d  TestRamRoutine                  
00218ea9  CtrlLoopWrite                   
00218ed1  DisplayProcessData              
00218ef9  EepromReadPSModel               
00218f21  TestFlashMem                    
00218f49  TestRamMem                      
00218f71  TestRs485Loop                   
00218f99  TestTempSense                   
00218fc1  AdcpRead                        
00218fe5  InitI2COnboard                  
00219009  TestIoExp                       
0021902d  TestIsoPowerSup                 
00219051  TestRtcMod                      
00219075  UARTCharPutNonBlocking          
00219099  UARTEnable                      
002190bd  group_init                      
002190e1  memcmp                          
00219105  __aeabi_ui2f                    
00219129  ISetpointWrite                  
00219149  SaveIpAddress                   
00219169  SaveKi1Gain                     
00219189  SaveKp1Gain                     
002191a9  UARTCharPut                     
002191c7  UARTIntStatus                   
002191e5  timer_expired                   
00219205  OutputStsWrite                  
00219221  TemperatureCelsius              
0021923d  TestAdcChannels                 
00219259  TestLoopback                    
00219275  htons                           
00219291  AdcpCleanRxBuffer               
002192a9  BSMPprocess                     
002192c1  CtrlLoopRead                    
002192d9  HardInterlockSts                
002192f1  KiRead                          
00219309  SendIpcFlag                     
00219321  SoftInterlockSts                
00219339  TestFlash                       
00219351  TestIoExpander                  
00219369  TestIsoPowerSupply              
00219381  TestRam                         
00219399  TestRs485                       
002193b1  TestRtc                         
002193c9  TestTemperatureSensor           
002193e1  TestuartPing                    
002193f9  UARTCharsAvail                  
00219411  UARTFIFOLevelSet                
00219429  UARTIntEnable                   
00219441  UARTSpaceAvail                  
00219459  _args_main                      
00219471  SystemConfig                    
00219487  TestBuzzer                      
0021949d  TestLed                         
002194b3  UARTCharGet                     
002194c9  UARTFIFOEnable                  
002194f5  timer_set                       
0021950d  httpd_get_command               
00219521  _register_unlock                
00219527  _register_lock                  
0021952f  _nop                            
00219535  TestLedTurnOn                   
00219547  UARTIntClear                    
00219559  UARTRxErrorGet                  
0021956d  CtoMIPC1IntHandler              
0021957d  CtoMIPC2IntHandler              
0021958d  CtoMIPC3IntHandler              
0021959d  UARTRxErrorClear                
002195ad  __TI_decompress_none            
002195bd  AlarmStatusClear                
002195c9  AlarmStatusRead                 
002195d5  BufferClear                     
002195e1  BufferLen                       
002195ed  DataHourRead                    
002195f9  FlashDeviceIDRead               
00219605  IOutputRead                     
00219611  ISetpointRead                   
0021961d  IsoPowerSupplyLoopbackResult    
00219629  KpRead                          
00219635  LedItlkCtrlRead                 
00219641  LedStsCtrlRead                  
0021964d  LocRemUpdate                    
00219659  OutputStsRead                   
00219665  PowerSupply1Temp                
00219671  PowerSupplyModelRead            
0021967d  RTCAccessStatus                 
00219689  RTCInit                         
00219695  ReadEepromSts                   
002196a1  SoundSelCtrlRead                
002196ad  clock_time                      
002196b9  __TI_zero_init                  
002196c5  httpd_clear_command             
002196d1  httpd_init                      
002196dd  TestBuzzerTurnOn                
002196e7  uip_tcpchksum                   
002196f1  BufferAdress                    
002196f9  dhcpc_appcall                   
00219701  SysCtlDelay                     
00219707  __abort_execution               
0021970b  _system_pre_init                
00219718  wfmRef_Data_FAC                 
0021b718  wfmRef_Data_FBP                 
0021d8e8  __TI_static_base__              
0021d9fc  __TI_Handler_Table_Base         
0021da08  __TI_Handler_Table_Limit        
0021da48  __TI_CINIT_Base                 
0021da90  AppCrc                          
0021da90  __TI_CINIT_Limit                
0021da90  __TI_CRC_AppCrc                 
20000000  RamfuncsRunStart                
20000001  FlashInit                       
20000057  FlashSetup                      
200000bc  RamfuncsRunEnd                  
200000bc  __stack                         
200001bc  __STACK_END                     
200001bc  __STACK_TOP                     
200001c0  _sys_memory                     
20000400  g_pfnRAMVectors                 
200051b0  bin_op                          
200059b0  add                             
200059b4  eeprom_sts                      
20005a73  flash_result                    
20005a74  ram_result                      
20005a75  temp_sensor_result              
20005a76  iso_ps_lb_result                
20005a77  adcp_1_result                   
20005a78  adcp_2_result                   
20005a79  adcp_3_result                   
20005a7a  adcp_4_result                   
20005a7b  adcp_5_result                   
20005a7c  adcp_6_result                   
20005a7d  adcp_7_result                   
20005a7e  adcp_8_result                   
20005a7f  adcp_test_channel               
20005a80  rs485_test_result               
20005a81  test_channel                    
20005a82  loopback_1_result               
20005a83  loopback_2_result               
20005a84  loopback_3_result               
20005a85  loopback_4_result               
20005a86  loopback_5_result               
20005a87  loopback_6_result               
20005a88  loopback_7_result               
20005a89  loopback_8_result               
20005a8a  loopback_9_result               
20005a8b  loopback_10_result              
20005a8c  loopback_11_result              
20005a8d  loopback_12_result              
20005a8e  loopback_13_result              
20005a8f  loopback_14_result              
20005a90  loopback_15_result              
20005a91  loopback_16_result              
20005a92  loopback_17_result              
20005a93  loopback_18_result              
20005a94  loopback_19_result              
20005a95  loopback_20_result              
20005a96  loopback_21_result              
20005a97  loopback_22_result              
20005a98  loopback_23_result              
20005a99  loopback_24_result              
20005a9a  loopback_25_result              
20005a9b  loopback_26_result              
20005a9c  loopback_27_result              
20005a9d  loopback_28_result              
20005a9e  loopback_29_result              
20005a9f  loopback_30_result              
20005aa0  loopback_31_result              
20005aa1  loopback_32_result              
20005aa2  READ_RTC                        
20005aa3  READ_IIB                        
20005aa4  ITLK_ALARM_RESET                
20005aa5  PROCESS_DISP_MESS               
20005aa6  PROCESS_ETH_MESS                
20005aa7  PROCESS_CAN_MESS                
20005aa8  PROCESS_RS485_MESS              
20005aa9  PROCESS_USB2SERIAL_MESS         
20005aaa  PROCESS_POWER_TEMP_SAMPLE       
20005aab  EEPROM_WRITE_REQUEST            
20005aac  LED_STS_TURN_ON_REQUEST         
20005aad  LED_STS_TURN_OFF_REQUEST        
20005aae  LED_ITLK_TURN_ON_REQUEST        
20005aaf  LED_ITLK_TURN_OFF_REQUEST       
20005ab0  SOUND_ITLK_TURN_ON_REQUEST      
20005ab1  SOUND_ITLK_TURN_OFF_REQUEST     
20005ab2  SAMPLE_BOARD_TEMP_REQUEST       
20005ab3  RTC_TEST_REQUEST                
20005ab4  EXIO_TEST_REQUEST               
20005ab5  ISO_PS_TEST_REQUEST             
20005ab6  LOOPBACK_TEST_REQUEST           
20005ab7  ADCP_TEST_REQUEST               
20005ab8  RS485_TEST_REQUEST              
20005ab9  FLASH_TEST_REQUEST              
20005aba  RAM_TEST_REQUEST                
20005abb  TEMP_SENSE_TEST_REQUEST         
20005abc  main_func_sp                    
20005ac0  g_ulTickCounter                 
20005ac8  MAC_ADDRESS                     
20005ad0  IPMASK0                         
20005ad1  IPMASK1                         
20005ad2  IPMASK2                         
20005ad3  IPMASK3                         
20005ad8  PSModuleAlarms                  
20005adc  g_ui32MsgCount                  
20005ae0  g_bRXFlag1                      
20005ae1  g_bRXFlag2                      
20005ae2  g_bRXFlag3                      
20005ae3  g_bRXFlag4                      
20005ae4  g_bRXFlag5                      
20005ae5  g_bRXFlag6                      
20005ae6  g_bRXFlag7                      
20005ae7  g_bRXFlag8                      
20005ae8  g_bRXFlag9                      
20005ae9  ItlkOld1                        
20005aea  ItlkOld2                        
20005aeb  g_bErrFlag                      
20005aec  Counter                         
20005aee  ADCP_TxTable                    
20005b00  __TI_cleanup_ptr                
20005b04  __TI_dtors_ptr                  
20005b08  __TI_enable_exit_profile_output 
20005b18  board_serial_number             
20005b2c  _lock                           
20005b30  _unlock                         
20005bb4  LedStsMode                      
20005bb5  LedItlkMode                     
20005bb6  SoundMode                       
20005bb7  ExIo1Sts                        
20005bb8  ExIo2Sts                        
20005bbc  time                            
20005bbe  iib_sample                      
20005bbf  LedStsTime                      
20005bc0  LedItlkTime                     
20005bc1  SoundTime                       
20005bc2  uip_ethaddr                     
20005bc8  Temp1                           
20005bc9  Temp2                           
20005bca  Temp3                           
20005bcb  Temp4                           
20005bcc  new_data_send                   
20008000  arm_controls                    
2000c000  c28_values                      
20018000  bsmp                            
2001985c  DP_Framework                    
20019ecc  Dado                            
20019fdc  data_eeprom                     
2001a000  DP_Framework_MtoC               
2001a670  ucUIPBuffer                     
2001b2e8  Mensagem                        
2001b3ed  IPADDR0                         
2001b400  g_sDMAControlTable              
2001b800  uip_udp_conns                   
2001b900  Rectifier                       
2001b9c4  Mod1Q1                          
2001ba20  Mod2Q1                          
2001ba7c  Buck                            
2001bac4  uip_conns                       
2001bb38  uip_stat                        
2001bb6c  Mod1Q4                          
2001bb94  Mod2Q4                          
2001bbf0  sCANMessage                     
2001bc04  sCANMessageTx                   
2001bc18  AnalogCh0                       
2001bc24  AnalogCh1                       
2001bc30  AnalogCh2                       
2001bc3c  AnalogCh3                       
2001bc48  AnalogCh4                       
2001bc54  AnalogCh5                       
2001bc60  AnalogCh6                       
2001bc6c  AnalogCh7                       
2001bc78  data                            
2001bc84  data_exio                       
2001bc90  data_temp                       
2001bc9c  datatemp                        
2001bcb0  DataHour                        
2001bcb8  SerialNumber                    
2001bcc0  pui8MsgData                     
2001bcc8  response_to_client              
2001bcd0  uip_listenports                 
2001bce4  floatNchars                     
2001bce8  ipaddr                          
2001bcec  lARPTimer                       
2001bcf0  lPeriodicTimer                  
2001bcf4  tmp1                            
2001bcf8  tmp2                            
2001bcfc  tmp3                            
2001bd00  tmp4                            
2001bd04  uip_acc32                       
2001bd08  uip_appdata                     
2001bd0c  uip_buf                         
2001bd10  uip_conn                        
2001bd14  uip_draddr                      
2001bd18  uip_hostaddr                    
2001bd1c  uip_netmask                     
2001bd20  uip_sappdata                    
2001bd24  uip_udp_conn                    
2001bd28  ulLoop                          
2001bd2c  ulTemp                          
2001bd30  count                           
2001bd32  dummy_read                      
2001bd34  loop_count                      
2001bd36  temp                            
2001bd38  uip_len                         
2001bd3a  uip_slen                        
2001bd3c  IPADDR1                         
2001bd3d  IPADDR2                         
2001bd3e  IPADDR3                         
2001bd3f  rtc_access_sts                  
2001bd40  uip_flags                       
2007f000  IPC_CtoM_Msg                    
2007f800  IPC_MtoC_Msg                    
ffffffff  __TI_pprof_out_hndl             
ffffffff  __TI_prof_data_size             
ffffffff  __TI_prof_data_start            
ffffffff  __binit__                       
ffffffff  __c_args__                      
ffffffff  binit                           
UNDEFED   SHT$$INIT_ARRAY$$Base           
UNDEFED   SHT$$INIT_ARRAY$$Limit          

[823 symbols]
